2026-09-16T22:26:06.599079Z  INFO ThreadId(04) tlsn_verifier_server::verifier: 30: Starting verification with maxSentData=4096, maxRecvData=16384
2026-09-16T22:26:09.707997Z  INFO ThreadId(05) tlsn_verifier_server: 682: [0ffd2538-2af5-46cf-ad67-ded437fbdbaa] Session WebSocket closed
2026-09-16T22:26:10.936894Z  INFO ThreadId(05) tlsn_verifier_server: 461: [e3ff0630-86f3-48c5-a784-2114b15ef54d] New session WebSocket connected
2026-09-16T22:26:10.957458Z  INFO ThreadId(05) tlsn_verifier_server: 1005: [e3ff0630-86f3-48c5-a784-2114b15ef54d] Starting verification with timeout of 120s
2026-09-16T22:26:10.957475Z  INFO ThreadId(05) tlsn_verifier_server::verifier: 30: Starting verification with maxSentData=4096, maxRecvData=65536
2026-09-16T22:26:14.012273Z  INFO ThreadId(04) tlsn_verifier_server: 682: [e3ff0630-86f3-48c5-a784-2114b15ef54d] Session WebSocket closed
2026-09-16T22:26:15.172830Z  INFO ThreadId(04) tlsn_verifier_server: 461: [13148fef-21d6-468f-b1d7-0a8fe3a5333e] New session WebSocket connected
2026-09-16T22:26:15.190879Z  INFO ThreadId(04) tlsn_verifier_server: 1005: [13148fef-21d6-468f-b1d7-0a8fe3a5333e] Starting verification with timeout of 120s
2026-09-16T22:26:15.190897Z  INFO ThreadId(04) tlsn_verifier_server::verifier: 30: Starting verification with maxSentData=4096, maxRecvData=16384
2026-09-16T22:26:18.069361Z  INFO ThreadId(03) tlsn_verifier_server: 682: [13148fef-21d6-468f-b1d7-0a8fe3a5333e] Session WebSocket closed
2026-09-16T22:26:19.261216Z  INFO ThreadId(04) tlsn_verifier_server: 461: [c7e1777b-ea14-4ff3-ac8d-57de056284d1] New session WebSocket connected
2026-09-16T22:26:19.281909Z  INFO ThreadId(04) tlsn_verifier_server: 1005: [c7e1777b-ea14-4ff3-ac8d-57de056284d1] Starting verification with timeout of 120s
2026-09-16T22:26:19.281918Z  INFO ThreadId(04) tlsn_verifier_server::verifier: 30: Starting verification with maxSentData=4096, maxRecvData=16384
2026-09-16T22:26:22.615986Z  INFO ThreadId(05) tlsn_verifier_server: 682: [c7e1777b-ea14-4ff3-ac8d-57de056284d1] Session WebSocket closed
2026-09-16T22:26:23.805528Z  INFO ThreadId(02) tlsn_verifier_server: 461: [e7a439ed-961d-4913-94bd-f600e71bfcb7] New session WebSocket connected
2026-09-16T22:26:23.823487Z  INFO ThreadId(02) tlsn_verifier_server: 1005: [e7a439ed-961d-4913-94bd-f600e71bfcb7] Starting verification with timeout of 120s
2026-09-16T22:26:23.823496Z  INFO ThreadId(02) tlsn_verifier_server::verifier: 30: Starting verification with maxSentData=4096, maxRecvData=65536
2026-09-16T22:26:26.875498Z  INFO ThreadId(05) tlsn_verifier_server: 682: [e7a439ed-961d-4913-94bd-f600e71bfcb7] Session WebSocket closed
2026-09-16T22:26:28.058486Z  INFO ThreadId(05) tlsn_verifier_server: 461: [81869903-31cb-4409-979b-47aa7c8588bc] New session WebSocket connected
2026-09-16T22:26:28.078449Z  INFO ThreadId(05) tlsn_verifier_server: 1005: [81869903-31cb-4409-979b-47aa7c8588bc] Starting verification with timeout of 120s
2026-09-16T22:26:28.078458Z  INFO ThreadId(05) tlsn_verifier_server::verifier: 30: Starting verification with maxSentData=4096, maxRecvData=16384
2026-09-16T22:26:30.915577Z  INFO ThreadId(04) tlsn_verifier_server: 682: [81869903-31cb-4409-979b-47aa7c8588bc] Session WebSocket closed
2026-09-16T22:26:32.107708Z  INFO ThreadId(04) tlsn_verifier_server: 461: [5e24be0a-ce3b-455b-aeb8-77933050ebca] New session WebSocket connected
2026-09-16T22:26:32.128434Z  INFO ThreadId(04) tlsn_verifier_server: 1005: [5e24be0a-ce3b-455b-aeb8-77933050ebca] Starting verification with timeout of 120s
2026-09-16T22:26:32.128443Z  INFO ThreadId(04) tlsn_verifier_server::verifier: 30: Starting verification with maxSentData=4096, maxRecvData=16384
2026-09-16T22:27:02.140647Z ERROR ThreadId(02) tlsn_verifier_server::verifier: 44: verifier session driver error: io error: error polling session connection caused by: i/o error: not connected
2026-09-16T22:27:02.140782Z ERROR ThreadId(02) tlsn_verifier_server: 583: [5e24be0a-ce3b-455b-aeb8-77933050ebca] Expected text message for reveal_config, got: Close(None)
2026-09-16T22:27:02.140802Z ERROR ThreadId(02) tlsn_verifier_server: 441: Failed to send message: WebSocket protocol error: Sending after closing is not allowed
2026-09-16T22:27:33.670197Z  INFO ThreadId(05) tlsn_verifier_server: 461: [749c5651-29ce-454a-b72e-25eab820cef3] New session WebSocket connected
2026-09-16T22:27:33.690277Z  INFO ThreadId(02) tlsn_verifier_server: 1005: [749c5651-29ce-454a-b72e-25eab820cef3] Starting verification with timeout of 120s
2026-09-16T22:27:33.690286Z  INFO ThreadId(02) tlsn_verifier_server::verifier: 30: Starting verification with maxSentData=4096, maxRecvData=16384
2026-09-16T22:27:34.148395Z  INFO ThreadId(05) tlsn_verifier_server: 682: [749c5651-29ce-454a-b72e-25eab820cef3] Session WebSocket closed
2026-09-16T22:27:35.344352Z  INFO ThreadId(05) tlsn_verifier_server: 461: [cc46a98e-c5ee-4251-88f0-96e91b156126] New session WebSocket connected
2026-09-16T22:27:35.362993Z  INFO ThreadId(05) tlsn_verifier_server: 1005: [cc46a98e-c5ee-4251-88f0-96e91b156126] Starting verification with timeout of 120s
2026-09-16T22:27:35.363005Z  INFO ThreadId(05) tlsn_verifier_server::verifier: 30: Starting verification with maxSentData=4096, maxRecvData=16384
2026-09-16T22:27:35.730132Z  INFO ThreadId(02) tlsn_verifier_server: 682: [cc46a98e-c5ee-4251-88f0-96e91b156126] Session WebSocket closed
2026-09-16T22:27:36.925850Z  INFO ThreadId(02) tlsn_verifier_server: 461: [cce5d11e-784b-444e-98e3-583988bb638f] New session WebSocket connected
2026-09-16T22:27:36.943563Z  INFO ThreadId(02) tlsn_verifier_server: 1005: [cce5d11e-784b-444e-98e3-583988bb638f] Starting verification with timeout of 120s
2026-09-16T22:27:36.943574Z  INFO ThreadId(02) tlsn_verifier_server::verifier: 30: Starting verification with maxSentData=4096, maxRecvData=65536
2026-09-16T22:27:37.501942Z  INFO ThreadId(04) tlsn_verifier_server: 682: [cce5d11e-784b-444e-98e3-583988bb638f] Session WebSocket closed
2026-09-16T22:27:38.694610Z  INFO ThreadId(04) tlsn_verifier_server: 461: [4f6f4e4f-161d-4a61-bcb7-6c323adf60e5] New session WebSocket connected
2026-09-16T22:27:38.713807Z  INFO ThreadId(04) tlsn_verifier_server: 1005: [4f6f4e4f-161d-4a61-bcb7-6c323adf60e5] Starting verification with timeout of 120s
2026-09-16T22:27:38.713841Z  INFO ThreadId(04) tlsn_verifier_server::verifier: 30: Starting verification with maxSentData=4096, maxRecvData=16384
2026-09-16T22:27:39.117011Z  INFO ThreadId(03) tlsn_verifier_server: 682: [4f6f4e4f-161d-4a61-bcb7-6c323adf60e5] Session WebSocket closed
2026-09-16T22:27:40.315997Z  INFO ThreadId(03) tlsn_verifier_server: 461: [8a5b4c51-d6cd-4f79-9543-b3c26e466f27] New session WebSocket connected
2026-09-16T22:27:40.335340Z  INFO ThreadId(03) tlsn_verifier_server: 1005: [8a5b4c51-d6cd-4f79-9543-b3c26e466f27] Starting verification with timeout of 120s
2026-09-16T22:27:40.335349Z  INFO ThreadId(03) tlsn_verifier_server::verifier: 30: Starting verification with maxSentData=4096, maxRecvData=16384
2026-09-16T22:27:40.777185Z  INFO ThreadId(04) tlsn_verifier_server: 682: [8a5b4c51-d6cd-4f79-9543-b3c26e466f27] Session WebSocket closed
2026-09-16T22:27:41.966995Z  INFO ThreadId(02) tlsn_verifier_server: 461: [822e7740-810a-4b28-b6dc-169aa49a83c9] New session WebSocket connected
2026-09-16T22:27:41.985982Z  INFO ThreadId(02) tlsn_verifier_server: 1005: [822e7740-810a-4b28-b6dc-169aa49a83c9] Starting verification with timeout of 120s
2026-09-16T22:27:41.985996Z  INFO ThreadId(02) tlsn_verifier_server::verifier: 30: Starting verification with maxSentData=4096, maxRecvData=65536
2026-09-16T22:27:42.573574Z  INFO ThreadId(04) tlsn_verifier_server: 682: [822e7740-810a-4b28-b6dc-169aa49a83c9] Session WebSocket closed
2026-09-16T22:27:43.775122Z  INFO ThreadId(04) tlsn_verifier_server: 461: [0789d193-e022-48f8-98cc-566482059b10] New session WebSocket connected
2026-09-16T22:27:43.794168Z  INFO ThreadId(04) tlsn_verifier_server: 1005: [0789d193-e022-48f8-98cc-566482059b10] Starting verification with timeout of 120s
2026-09-16T22:27:43.794180Z  INFO ThreadId(04) tlsn_verifier_server::verifier: 30: Starting verification with maxSentData=4096, maxRecvData=16384
2026-09-16T22:27:44.187326Z  INFO ThreadId(04) tlsn_verifier_server: 682: [0789d193-e022-48f8-98cc-566482059b10] Session WebSocket closed
2026-09-16T22:27:45.403481Z  INFO ThreadId(03) tlsn_verifier_server: 461: [464c6183-aa9c-4911-aa52-1742dd92538b] New session WebSocket connected
2026-09-16T22:27:45.422462Z  INFO ThreadId(03) tlsn_verifier_server: 1005: [464c6183-aa9c-4911-aa52-1742dd92538b] Starting verification with timeout of 120s
2026-09-16T22:27:45.422472Z  INFO ThreadId(03) tlsn_verifier_server::verifier: 30: Starting verification with maxSentData=4096, maxRecvData=16384
2026-09-16T22:27:45.830490Z  INFO ThreadId(03) tlsn_verifier_server: 682: [464c6183-aa9c-4911-aa52-1742dd92538b] Session WebSocket closed
2026-09-16T22:27:47.017110Z  INFO ThreadId(05) tlsn_verifier_server: 461: [2185ef63-e997-4d59-88c2-c6f6fa9f3ad4] New session WebSocket connected
2026-09-16T22:27:47.037933Z  INFO ThreadId(05) tlsn_verifier_server: 1005: [2185ef63-e997-4d59-88c2-c6f6fa9f3ad4] Starting verification with timeout of 120s
2026-09-16T22:27:47.037942Z  INFO ThreadId(05) tlsn_verifier_server::verifier: 30: Starting verification with maxSentData=4096, maxRecvData=65536
2026-09-16T22:27:47.601681Z  INFO ThreadId(03) tlsn_verifier_server: 682: [2185ef63-e997-4d59-88c2-c6f6fa9f3ad4] Session WebSocket closed
2026-09-16T22:28:32.133384Z ERROR ThreadId(04) tlsn_verifier_server: 1169: [5e24be0a-ce3b-455b-aeb8-77933050ebca] ⏱️  Verification timed out after 120s
